◇ injected env (44) from .env.local // tip: ⌘ enable debugging { debug: true }
◇ injected env (0) from .env.local // tip: ⌘ override existing { override: true }
[backfill-glm] env ok · model=glm-5.2 · keylen=49
══════════════════════════════════════════════
 GLM-5.2 core_senses backfill (Oxford-style)
 model=glm-5.2
 base=https://open.bigmodel.cn/api/paas/v4
 dry=false force=false limit=1000 delay=300
══════════════════════════════════════════════
🔌 Smoke test GLM...
   OK {"ok":true}
🚀 1000 words to process

[1/1000] "evolve" → senses=3 syn=6 dist=1
   #1: phát triển dần dần | The company has evolved from a small startup into a global brand.
[2/1000] "exceed" → senses=2 syn=5 dist=1
   #1: vượt quá mức | The total cost has exceeded our original budget by 20%.
[3/1000] "except" → senses=3 syn=3 dist=2
   #1: ngoại trừ | Everyone went to the party except Tom.
[4/1000] "excess" → senses=3 syn=6 dist=2
   #1: sự dư thừa | The company produced an excess of 10,000 units this quarter.
[5/1000] "excite" → senses=3 syn=6 dist=2
   #1: làm hào hứng | The prospect of traveling abroad really excites her.
[6/1000] "excuse" → senses=3 syn=6 dist=2
   #1: lý do bào chữa | What's your excuse for being late again?
[7/1000] "exhort" → senses=1 syn=6 dist=1
   #1: thúc giục, cổ vũ | The president exhorted citizens to vote in the upcoming election.
[8/1000] "exotic" → senses=2 syn=5 dist=1
   #1: Kỳ lạ, hấp dẫn | She loves the exotic flavors of Thai cuisine.
[9/1000] "expand" → senses=3 syn=6 dist=1
   #1: mở rộng, to ra | The company plans to expand its operations into Asia next year.
[10/1000] "expect" → senses=3 syn=5 dist=2
   #1: tin sẽ xảy ra | We expect to finish the project by Friday.
[11/1000] "expert" → senses=2 syn=6 dist=1
   #1: chuyên gia | She is a leading expert on climate change.
[12/1000] "expire" → senses=2 syn=4 dist=1
   #1: Hết hạn | My passport expires next month, so I need to renew it.
[13/1000] "export" → senses=3 syn=0 dist=1
   #1: xuất khẩu | The company exports its products to over 50 countries.
[14/1000] "expose" → senses=3 syn=4 dist=1
   #1: phơi bày, vạch trần | The investigation exposed widespread corruption in the company.
[15/1000] "extant" → senses=1 syn=5 dist=1
   #1: vẫn còn tồn tại | This is one of the few extant manuscripts from the 12th century.
[16/1000] "extend"